
> chrome-hwp-editor-extension@0.1.0 build
> vite build

vite v8.0.10 building client environment for production...
[2Ktransforming...✓ 51 modules transformed.
rendering chunks...
computing gzip size...
dist/manifest.json                           0.80 kB │ gzip:  0.48 kB
dist/src/popup/popup.html                    1.42 kB │ gzip:  0.70 kB
dist/src/options/options.html                1.67 kB │ gzip:  0.76 kB
dist/src/editor/editor.html                  2.03 kB │ gzip:  0.84 kB
dist/assets/NanumGothic-Regular.woff2      340.68 kB
dist/assets/NanumSquareNeoTTF-cBd.woff2    384.99 kB
dist/assets/NanumSquareNeoTTF-bRg.woff2    387.10 kB
dist/assets/NanumGothic-Bold.woff2         417.25 kB
dist/assets/GowunBatang-Bold.woff2         447.85 kB
dist/assets/GowunBatang-Regular.woff2      495.09 kB
dist/assets/NanumMyeongjo-Regular.woff2    502.06 kB
dist/assets/NotoSansKR-Regular.woff2       541.86 kB
dist/assets/NotoSansKR-Bold.woff2          559.19 kB
dist/assets/NanumMyeongjo-Bold.woff2       575.58 kB
dist/assets/NotoSerifKR-Regular.woff2      971.42 kB
dist/assets/NotoSerifKR-Bold.woff2       1,033.55 kB
dist/assets/dotumche-Regular.ttf         4,568.07 kB
dist/assets/dotum-Regular.ttf            4,575.57 kB
dist/assets/gulimche-Regular.ttf         4,711.30 kB
dist/assets/gulim-Regular.ttf            4,718.60 kB
dist/assets/popup.css                        1.10 kB │ gzip:  0.55 kB
dist/assets/options.css                      1.18 kB │ gzip:  0.61 kB
dist/assets/editor.css                      19.02 kB │ gzip:  3.45 kB
dist/assets/bytes.js                         0.37 kB │ gzip:  0.26 kB │ map:   1.33 kB
dist/assets/storage.js                       0.40 kB │ gzip:  0.22 kB │ map:   1.62 kB
dist/assets/modulepreload-polyfill.js        0.69 kB │ gzip:  0.39 kB
dist/assets/options.js                       1.42 kB │ gzip:  0.76 kB │ map:   5.05 kB
dist/assets/popup.js                         2.38 kB │ gzip:  1.25 kB │ map:   6.94 kB
dist/assets/service-worker.js                3.93 kB │ gzip:  1.83 kB │ map:  13.12 kB
dist/assets/editor.js                      211.78 kB │ gzip: 71.94 kB │ map: 876.03 kB

✓ built in 137ms
